Archive member included to satisfy reference by file (symbol)

c:/mounriver/mounriver_studio2/resources/app/resources/win32/components/wch/toolchain/risc-v embedded gcc/bin/../lib/gcc/riscv-none-embed/8.2.0/../../../../riscv-none-embed/lib/rv32ecxw/ilp32e\libprintf.a(wchprintf.o)
                              ./User/main.o (printf)
c:/mounriver/mounriver_studio2/resources/app/resources/win32/components/wch/toolchain/risc-v embedded gcc/bin/../lib/gcc/riscv-none-embed/8.2.0/rv32ecxw/ilp32e\libgcc.a(addsf3.o)
                              ./User/main.o (__addsf3)
c:/mounriver/mounriver_studio2/resources/app/resources/win32/components/wch/toolchain/risc-v embedded gcc/bin/../lib/gcc/riscv-none-embed/8.2.0/rv32ecxw/ilp32e\libgcc.a(lesf2.o)
                              ./User/main.o (__ltsf2)
c:/mounriver/mounriver_studio2/resources/app/resources/win32/components/wch/toolchain/risc-v embedded gcc/bin/../lib/gcc/riscv-none-embed/8.2.0/rv32ecxw/ilp32e\libgcc.a(mulsf3.o)
                              ./User/ds18b20.o (__mulsf3)
c:/mounriver/mounriver_studio2/resources/app/resources/win32/components/wch/toolchain/risc-v embedded gcc/bin/../lib/gcc/riscv-none-embed/8.2.0/rv32ecxw/ilp32e\libgcc.a(fixsfsi.o)
                              ./User/main.o (__fixsfsi)
c:/mounriver/mounriver_studio2/resources/app/resources/win32/components/wch/toolchain/risc-v embedded gcc/bin/../lib/gcc/riscv-none-embed/8.2.0/rv32ecxw/ilp32e\libgcc.a(fixunssfsi.o)
                              ./User/main.o (__fixunssfsi)
c:/mounriver/mounriver_studio2/resources/app/resources/win32/components/wch/toolchain/risc-v embedded gcc/bin/../lib/gcc/riscv-none-embed/8.2.0/rv32ecxw/ilp32e\libgcc.a(floatsisf.o)
                              ./User/ds18b20.o (__floatsisf)
c:/mounriver/mounriver_studio2/resources/app/resources/win32/components/wch/toolchain/risc-v embedded gcc/bin/../lib/gcc/riscv-none-embed/8.2.0/rv32ecxw/ilp32e\libgcc.a(save-restore.o)
                              ./User/ds18b20.o (__riscv_save_2)
c:/mounriver/mounriver_studio2/resources/app/resources/win32/components/wch/toolchain/risc-v embedded gcc/bin/../lib/gcc/riscv-none-embed/8.2.0/rv32ecxw/ilp32e\libgcc.a(muldi3.o)
                              ./Debug/debug.o (__mulsi3)
c:/mounriver/mounriver_studio2/resources/app/resources/win32/components/wch/toolchain/risc-v embedded gcc/bin/../lib/gcc/riscv-none-embed/8.2.0/rv32ecxw/ilp32e\libgcc.a(div.o)
                              ./Peripheral/src/ch32v00x_usart.o (__divsi3)
c:/mounriver/mounriver_studio2/resources/app/resources/win32/components/wch/toolchain/risc-v embedded gcc/bin/../lib/gcc/riscv-none-embed/8.2.0/rv32ecxw/ilp32e\libgcc.a(_clzsi2.o)
                              c:/mounriver/mounriver_studio2/resources/app/resources/win32/components/wch/toolchain/risc-v embedded gcc/bin/../lib/gcc/riscv-none-embed/8.2.0/rv32ecxw/ilp32e\libgcc.a(addsf3.o) (__clzsi2)
c:/mounriver/mounriver_studio2/resources/app/resources/win32/components/wch/toolchain/risc-v embedded gcc/bin/../lib/gcc/riscv-none-embed/8.2.0/rv32ecxw/ilp32e\libgcc.a(_clz.o)
                              c:/mounriver/mounriver_studio2/resources/app/resources/win32/components/wch/toolchain/risc-v embedded gcc/bin/../lib/gcc/riscv-none-embed/8.2.0/rv32ecxw/ilp32e\libgcc.a(_clzsi2.o) (__clz_tab)

Discarded input sections

 .text          0x0000000000000000        0x0 ./User/ch32v00x_it.o
 .data          0x0000000000000000        0x0 ./User/ch32v00x_it.o
 .bss           0x0000000000000000        0x0 ./User/ch32v00x_it.o
 .text          0x0000000000000000        0x0 ./User/ds18b20.o
 .data          0x0000000000000000        0x0 ./User/ds18b20.o
 .bss           0x0000000000000000        0x0 ./User/ds18b20.o
 .text          0x0000000000000000        0x0 ./User/main.o
 .data          0x0000000000000000        0x0 ./User/main.o
 .bss           0x0000000000000000        0x0 ./User/main.o
 .bss.message   0x0000000000000000       0x40 ./User/main.o
 .bss.temperature
                0x0000000000000000        0x4 ./User/main.o
 .text          0x0000000000000000        0x0 ./User/onewire.o
 .data          0x0000000000000000        0x0 ./User/onewire.o
 .bss           0x0000000000000000        0x0 ./User/onewire.o
 .text.OneWire_Delay
                0x0000000000000000       0x18 ./User/onewire.o
 .text.OneWire_ResetSearch
                0x0000000000000000        0xa ./User/onewire.o
 .text.OneWire_Search
                0x0000000000000000      0x108 ./User/onewire.o
 .text.OneWire_First
                0x0000000000000000       0x24 ./User/onewire.o
 .text.OneWire_Next
                0x0000000000000000       0x1c ./User/onewire.o
 .text.OneWire_Select
                0x0000000000000000       0x42 ./User/onewire.o
 .text.OneWire_SelectWithPointer
                0x0000000000000000       0x18 ./User/onewire.o
 .text.OneWire_GetFullROM
                0x0000000000000000       0x18 ./User/onewire.o
 .text.OneWire_CRC8
[...]
Memory Configuration

Name             Origin             Length             Attributes
FLASH            0x0000000000000000 0x0000000000004000 xr
RAM              0x0000000020000000 0x0000000000000800 xrw
*default*        0x0000000000000000 0xffffffffffffffff

Linker script and memory map

LOAD ./User/ch32v00x_it.o
LOAD ./User/ds18b20.o
LOAD ./User/main.o
LOAD ./User/onewire.o
LOAD ./User/system_ch32v00x.o
LOAD ./User/tm1637.o
LOAD ./Startup/startup_ch32v00x.o
LOAD ./Peripheral/src/ch32v00x_adc.o
LOAD ./Peripheral/src/ch32v00x_dbgmcu.o
LOAD ./Peripheral/src/ch32v00x_dma.o
LOAD ./Peripheral/src/ch32v00x_exti.o
LOAD ./Peripheral/src/ch32v00x_flash.o
LOAD ./Peripheral/src/ch32v00x_gpio.o
LOAD ./Peripheral/src/ch32v00x_i2c.o
LOAD ./Peripheral/src/ch32v00x_iwdg.o
LOAD ./Peripheral/src/ch32v00x_misc.o
LOAD ./Peripheral/src/ch32v00x_opa.o
LOAD ./Peripheral/src/ch32v00x_pwr.o
LOAD ./Peripheral/src/ch32v00x_rcc.o
LOAD ./Peripheral/src/ch32v00x_spi.o
LOAD ./Peripheral/src/ch32v00x_tim.o
LOAD ./Peripheral/src/ch32v00x_usart.o
LOAD ./Peripheral/src/ch32v00x_wwdg.o
LOAD ./Debug/debug.o
LOAD ./Core/core_riscv.o
LOAD c:/mounriver/mounriver_studio2/resources/app/resources/win32/components/wch/toolchain/risc-v embedded gcc/bin/../lib/gcc/riscv-none-embed/8.2.0/../../../../riscv-none-embed/lib/rv32ecxw/ilp32e\libm.a
LOAD c:/mounriver/mounriver_studio2/resources/app/resources/win32/components/wch/toolchain/risc-v embedded gcc/bin/../lib/gcc/riscv-none-embed/8.2.0/../../../../riscv-none-embed/lib/rv32ecxw/ilp32e\libprintf.a
LOAD c:/mounriver/mounriver_studio2/resources/app/resources/win32/components/wch/toolchain/risc-v embedded gcc/bin/../lib/gcc/riscv-none-embed/8.2.0/rv32ecxw/ilp32e\libgcc.a
LOAD c:/mounriver/mounriver_studio2/resources/app/resources/win32/components/wch/toolchain/risc-v embedded gcc/bin/../lib/gcc/riscv-none-embed/8.2.0/../../../../riscv-none-embed/lib/rv32ecxw/ilp32e\libg_nano.a
LOAD c:/mounriver/mounriver_studio2/resources/app/resources/win32/components/wch/toolchain/risc-v embedded gcc/bin/../lib/gcc/riscv-none-embed/8.2.0/../../../../riscv-none-embed/lib/rv32ecxw/ilp32e\libc_nano.a
LOAD c:/mounriver/mounriver_studio2/resources/app/resources/win32/components/wch/toolchain/risc-v embedded gcc/bin/../lib/gcc/riscv-none-embed/8.2.0/rv32ecxw/ilp32e\libgcc.a
START GROUP
LOAD c:/mounriver/mounriver_studio2/resources/app/resources/win32/components/wch/toolchain/risc-v embedded gcc/bin/../lib/gcc/riscv-none-embed/8.2.0/rv32ecxw/ilp32e\libgcc.a
LOAD c:/mounriver/mounriver_studio2/resources/app/resources/win32/components/wch/toolchain/risc-v embedded gcc/bin/../lib/gcc/riscv-none-embed/8.2.0/../../../../riscv-none-embed/lib/rv32ecxw/ilp32e\libc_nano.a
LOAD c:/mounriver/mounriver_studio2/resources/app/resources/win32/components/wch/toolchain/risc-v embedded gcc/bin/../lib/gcc/riscv-none-embed/8.2.0/../../../../riscv-none-embed/lib/rv32ecxw/ilp32e\libnosys.a
END GROUP
START GROUP
LOAD c:/mounriver/mounriver_studio2/resources/app/resources/win32/components/wch/toolchain/risc-v embedded gcc/bin/../lib/gcc/riscv-none-embed/8.2.0/rv32ecxw/ilp32e\libgcc.a
LOAD c:/mounriver/mounriver_studio2/resources/app/resources/win32/components/wch/toolchain/risc-v embedded gcc/bin/../lib/gcc/riscv-none-embed/8.2.0/../../../../riscv-none-embed/lib/rv32ecxw/ilp32e\libc_nano.a
LOAD c:/mounriver/mounriver_studio2/resources/app/resources/win32/components/wch/toolchain/risc-v embedded gcc/bin/../lib/gcc/riscv-none-embed/8.2.0/../../../../riscv-none-embed/lib/rv32ecxw/ilp32e\libnosys.a
END GROUP
                0x0000000000000100                __stack_size = 0x100
                [!provide]                        PROVIDE (_stack_size = __stack_size)

.init           0x0000000000000000       0xa0
                0x0000000000000000                _sinit = .
                0x0000000000000000                . = ALIGN (0x4)
 *(SORT_NONE(.init))
 .init          0x0000000000000000       0x9e ./Startup/startup_ch32v00x.o
                0x0000000000000000                _start
                0x00000000000000a0                . = ALIGN (0x4)
 *fill*         0x000000000000009e        0x2 
                0x00000000000000a0                _einit = .

.highcodelalign
                0x00000000000000a0        0x0
                0x00000000000000a0                . = ALIGN (0x4)
                0x00000000000000a0                PROVIDE (_highcode_lma = .)

.highcode       0x0000000020000000        0x0 load address 0x00000000000000a0
                0x0000000020000000                . = ALIGN (0x4)
                0x0000000020000000                PROVIDE (_highcode_vma_start = .)
 *(.highcode)
 *(.highcode.*)
                0x0000000020000000                . = ALIGN (0x4)
                0x0000000020000000                PROVIDE (_highcode_vma_end = .)

.text           0x00000000000000a0     0x1c48
                0x00000000000000a0                . = ALIGN (0x4)
 *(.text)
 .text          0x00000000000000a0       0x14 c:/mounriver/mounriver_studio2/resources/app/resources/win32/components/wch/toolchain/risc-v embedded gcc/bin/../lib/gcc/riscv-none-embed/8.2.0/rv32ecxw/ilp32e\libgcc.a(save-restore.o)
                0x00000000000000a0                __riscv_save_1
                0x00000000000000a0                __riscv_save_2
                0x00000000000000a0                __riscv_save_0
                0x00000000000000aa                __riscv_restore_0
                0x00000000000000aa                __riscv_restore_1
                0x00000000000000aa                __riscv_restore_2
 .text          0x00000000000000b4       0x16 c:/mounriver/mounriver_studio2/resources/app/resources/win32/components/wch/toolchain/risc-v embedded gcc/bin/../lib/gcc/riscv-none-embed/8.2.0/rv32ecxw/ilp32e\libgcc.a(muldi3.o)
                0x00000000000000b4                __mulsi3
 *fill*         0x00000000000000ca        0x2 
 .text          0x00000000000000cc       0x7e c:/mounriver/mounriver_studio2/resources/app/resources/win32/components/wch/toolchain/risc-v embedded gcc/bin/../lib/gcc/riscv-none-embed/8.2.0/rv32ecxw/ilp32e\libgcc.a(div.o)
                0x00000000000000cc                __divsi3
                0x00000000000000d4                __udivsi3
                0x0000000000000100                __umodsi3
                0x0000000000000124                __modsi3
 *(.text.*)
 .text.NMI_Handler
                0x000000000000014a        0x2 ./User/ch32v00x_it.o
                0x000000000000014a                NMI_Handler
 .text.HardFault_Handler
                0x000000000000014c       0x10 ./User/ch32v00x_it.o
                0x000000000000014c                HardFault_Handler
 .text.DS18B20_StartAll
                0x000000000000015c       0x24 ./User/ds18b20.o
                0x000000000000015c                DS18B20_StartAll
 .text.DS18B20_ReadAll
                0x0000000000000180        0x2 ./User/ds18b20.o
                0x0000000000000180                DS18B20_ReadAll
 .text.DS18B20_GetTemperature
                0x0000000000000182       0x56 ./User/ds18b20.o
                0x0000000000000182                DS18B20_GetTemperature
 .text.DS18B20_SetResolution
                0x00000000000001d8       0x40 ./User/ds18b20.o
                0x00000000000001d8                DS18B20_SetResolution
 .text.DS18B20_Init
                0x0000000000000218       0x20 ./User/ds18b20.o
                0x0000000000000218                DS18B20_Init
 .text.GPIO_Toggle_INIT
                0x0000000000000238       0x4e ./User/main.o
                0x0000000000000238                GPIO_Toggle_INIT
 .text.startup.main
                0x0000000000000286      0x18e ./User/main.o
                0x0000000000000286                main
 .text.OneWire_BusInputDirection
                0x0000000000000414       0x2c ./User/onewire.o
                0x0000000000000414                OneWire_BusInputDirection
 .text.OneWire_BusOutputDirection
                0x0000000000000440       0x2e ./User/onewire.o
                0x0000000000000440                OneWire_BusOutputDirection
 .text.OneWire_OutputLow
                0x000000000000046e        0xe ./User/onewire.o
                0x000000000000046e                OneWire_OutputLow
 .text.OneWire_OutputHigh
                0x000000000000047c        0xe ./User/onewire.o
                0x000000000000047c                OneWire_OutputHigh
 .text.OneWire_Reset
                0x000000000000048a       0x34 ./User/onewire.o
                0x000000000000048a                OneWire_Reset
 .text.OneWire_WriteBit
                0x00000000000004be       0x38 ./User/onewire.o
                0x00000000000004be                OneWire_WriteBit
 .text.OneWire_ReadBit
                0x00000000000004f6       0x32 ./User/onewire.o
                0x00000000000004f6                OneWire_ReadBit
 .text.OneWire_WriteByte
                0x0000000000000528       0x26 ./User/onewire.o
                0x0000000000000528                OneWire_WriteByte
 .text.OneWire_ReadByte
                0x000000000000054e       0x2c ./User/onewire.o
                0x000000000000054e                OneWire_ReadByte
 .text.OneWire_Init
                0x000000000000057a       0x2c ./User/onewire.o
                0x000000000000057a                OneWire_Init
 .text.SystemInit
                0x00000000000005a6       0x88 ./User/system_ch32v00x.o
                0x00000000000005a6                SystemInit
 .text.TM1637_Delay
                0x000000000000062e       0x1a ./User/tm1637.o
 .text.TM1637_Start
                0x0000000000000648       0x28 ./User/tm1637.o
                0x0000000000000648                TM1637_Start
 .text.TM1637_Stop
                0x0000000000000670       0x36 ./User/tm1637.o
                0x0000000000000670                TM1637_Stop
 .text.TM1637_WriteByte
                0x00000000000006a6       0x5e ./User/tm1637.o
                0x00000000000006a6                TM1637_WriteByte
 .text.TM1637_Init
                0x0000000000000704       0x2c ./User/tm1637.o
                0x0000000000000704                TM1637_Init
 .text.TM1637_SetBrightness
                0x0000000000000730       0x1c ./User/tm1637.o
                0x0000000000000730                TM1637_SetBrightness
 .text.TM1637_DisplayDigit
                0x000000000000074c       0x3e ./User/tm1637.o
                0x000000000000074c                TM1637_DisplayDigit
 .text.vector_handler
                0x000000000000078a        0x2 ./Startup/startup_ch32v00x.o
                0x000000000000078a                TIM1_CC_IRQHandler
                0x000000000000078a                SysTick_Handler
                0x000000000000078a                PVD_IRQHandler
                0x000000000000078a                SPI1_IRQHandler
                0x000000000000078a                AWU_IRQHandler
                0x000000000000078a                EXTI7_0_IRQHandler
                0x000000000000078a                DMA1_Channel4_IRQHandler
                0x000000000000078a                ADC1_IRQHandler
                0x000000000000078a                DMA1_Channel7_IRQHandler
                0x000000000000078a                I2C1_EV_IRQHandler
                0x000000000000078a                DMA1_Channel6_IRQHandler
                0x000000000000078a                RCC_IRQHandler
                0x000000000000078a                TIM1_TRG_COM_IRQHandler
                0x000000000000078a                DMA1_Channel1_IRQHandler
                0x000000000000078a                DMA1_Channel5_IRQHandler
                0x000000000000078a                DMA1_Channel3_IRQHandler
                0x000000000000078a                TIM1_UP_IRQHandler
                0x000000000000078a                WWDG_IRQHandler
                0x000000000000078a                TIM2_IRQHandler
                0x000000000000078a                SW_Handler
                0x000000000000078a                TIM1_BRK_IRQHandler
                0x000000000000078a                DMA1_Channel2_IRQHandler
                0x000000000000078a                FLASH_IRQHandler
                0x000000000000078a                USART1_IRQHandler
                0x000000000000078a                I2C1_ER_IRQHandler
 .text.handle_reset
                0x000000000000078c       0xb0 ./Startup/startup_ch32v00x.o
                0x000000000000078c                handle_reset
 .text.GPIO_Init
                0x000000000000083c       0x7c ./Peripheral/src/ch32v00x_gpio.o
                0x000000000000083c                GPIO_Init
 .text.GPIO_ReadInputDataBit
                0x00000000000008b8        0xa ./Peripheral/src/ch32v00x_gpio.o
                0x00000000000008b8                GPIO_ReadInputDataBit
 .text.GPIO_WriteBit
                0x00000000000008c2        0xa ./Peripheral/src/ch32v00x_gpio.o
                0x00000000000008c2                GPIO_WriteBit
 .text.GPIO_PinRemapConfig
                0x00000000000008cc       0xc4 ./Peripheral/src/ch32v00x_gpio.o
                0x00000000000008cc                GPIO_PinRemapConfig
 .text.NVIC_PriorityGroupConfig
                0x0000000000000990        0x6 ./Peripheral/src/ch32v00x_misc.o
                0x0000000000000990                NVIC_PriorityGroupConfig
 .text.RCC_AdjustHSICalibrationValue
                0x0000000000000996       0x12 ./Peripheral/src/ch32v00x_rcc.o
                0x0000000000000996                RCC_AdjustHSICalibrationValue
 .text.RCC_GetClocksFreq
                0x00000000000009a8       0xa2 ./Peripheral/src/ch32v00x_rcc.o
                0x00000000000009a8                RCC_GetClocksFreq
 .text.RCC_APB2PeriphClockCmd
                0x0000000000000a4a       0x1e ./Peripheral/src/ch32v00x_rcc.o
                0x0000000000000a4a                RCC_APB2PeriphClockCmd
 .text.USART_Init
                0x0000000000000a68       0xcc ./Peripheral/src/ch32v00x_usart.o
                0x0000000000000a68                USART_Init
 .text.USART_Cmd
                0x0000000000000b34       0x16 ./Peripheral/src/ch32v00x_usart.o
                0x0000000000000b34                USART_Cmd
 .text.USART_SendData
                0x0000000000000b4a        0x8 ./Peripheral/src/ch32v00x_usart.o
                0x0000000000000b4a                USART_SendData
 .text.USART_GetFlagStatus
                0x0000000000000b52        0xa ./Peripheral/src/ch32v00x_usart.o
                0x0000000000000b52                USART_GetFlagStatus
 .text.Delay_Init
                0x0000000000000b5c       0x34 ./Debug/debug.o
                0x0000000000000b5c                Delay_Init
 .text.Delay_Us
                0x0000000000000b90       0x3a ./Debug/debug.o
                0x0000000000000b90                Delay_Us
 .text.Delay_Ms
                0x0000000000000bca       0x3a ./Debug/debug.o
                0x0000000000000bca                Delay_Ms
 .text.USART_Printf_Init
                0x0000000000000c04       0x5c ./Debug/debug.o
                0x0000000000000c04                USART_Printf_Init
 .text._write   0x0000000000000c60       0x4c ./Debug/debug.o
                0x0000000000000c60                _write
 .text.printchar
                0x0000000000000cac       0x48 c:/mounriver/mounriver_studio2/resources/app/resources/win32/components/wch/toolchain/risc-v embedded gcc/bin/../lib/gcc/riscv-none-embed/8.2.0/../../../../riscv-none-embed/lib/rv32ecxw/ilp32e\libprintf.a(wchprintf.o)
                0x0000000000000cac                printchar
 .text.prints   0x0000000000000cf4       0xe6 c:/mounriver/mounriver_studio2/resources/app/resources/win32/components/wch/toolchain/risc-v embedded gcc/bin/../lib/gcc/riscv-none-embed/8.2.0/../../../../riscv-none-embed/lib/rv32ecxw/ilp32e\libprintf.a(wchprintf.o)
                0x0000000000000cf4                prints
 .text.printInt
                0x0000000000000dda      0x10e c:/mounriver/mounriver_studio2/resources/app/resources/win32/components/wch/toolchain/risc-v embedded gcc/bin/../lib/gcc/riscv-none-embed/8.2.0/../../../../riscv-none-embed/lib/rv32ecxw/ilp32e\libprintf.a(wchprintf.o)
                0x0000000000000dda                printInt
 .text.printLongLongInt
                0x0000000000000ee8        0x4 c:/mounriver/mounriver_studio2/resources/app/resources/win32/components/wch/toolchain/risc-v embedded gcc/bin/../lib/gcc/riscv-none-embed/8.2.0/../../../../riscv-none-embed/lib/rv32ecxw/ilp32e\libprintf.a(wchprintf.o)
                0x0000000000000ee8                printLongLongInt
 .text.printDouble
                0x0000000000000eec        0x4 c:/mounriver/mounriver_studio2/resources/app/resources/win32/components/wch/toolchain/risc-v embedded gcc/bin/../lib/gcc/riscv-none-embed/8.2.0/../../../../riscv-none-embed/lib/rv32ecxw/ilp32e\libprintf.a(wchprintf.o)
                0x0000000000000eec                printDouble
 .text.print    0x0000000000000ef0      0x356 c:/mounriver/mounriver_studio2/resources/app/resources/win32/components/wch/toolchain/risc-v embedded gcc/bin/../lib/gcc/riscv-none-embed/8.2.0/../../../../riscv-none-embed/lib/rv32ecxw/ilp32e\libprintf.a(wchprintf.o)
                0x0000000000000ef0                print
 .text.printf   0x0000000000001246       0x24 c:/mounriver/mounriver_studio2/resources/app/resources/win32/components/wch/toolchain/risc-v embedded gcc/bin/../lib/gcc/riscv-none-embed/8.2.0/../../../../riscv-none-embed/lib/rv32ecxw/ilp32e\libprintf.a(wchprintf.o)
                0x0000000000001246                printf
 .text.puts     0x000000000000126a       0x4a c:/mounriver/mounriver_studio2/resources/app/resources/win32/components/wch/toolchain/risc-v embedded gcc/bin/../lib/gcc/riscv-none-embed/8.2.0/../../../../riscv-none-embed/lib/rv32ecxw/ilp32e\libprintf.a(wchprintf.o)
                0x000000000000126a                puts
 .text.__addsf3
                0x00000000000012b4      0x38a c:/mounriver/mounriver_studio2/resources/app/resources/win32/components/wch/toolchain/risc-v embedded gcc/bin/../lib/gcc/riscv-none-embed/8.2.0/rv32ecxw/ilp32e\libgcc.a(addsf3.o)
                0x00000000000012b4                __addsf3
 .text.__lesf2  0x000000000000163e       0x8c c:/mounriver/mounriver_studio2/resources/app/resources/win32/components/wch/toolchain/risc-v embedded gcc/bin/../lib/gcc/riscv-none-embed/8.2.0/rv32ecxw/ilp32e\libgcc.a(lesf2.o)
                0x000000000000163e                __ltsf2
                0x000000000000163e                __lesf2
 .text.__mulsf3
                0x00000000000016ca      0x290 c:/mounriver/mounriver_studio2/resources/app/resources/win32/components/wch/toolchain/risc-v embedded gcc/bin/../lib/gcc/riscv-none-embed/8.2.0/rv32ecxw/ilp32e\libgcc.a(mulsf3.o)
                0x00000000000016ca                __mulsf3
 .text.__fixsfsi
                0x000000000000195a       0x60 c:/mounriver/mounriver_studio2/resources/app/resources/win32/components/wch/toolchain/risc-v embedded gcc/bin/../lib/gcc/riscv-none-embed/8.2.0/rv32ecxw/ilp32e\libgcc.a(fixsfsi.o)
                0x000000000000195a                __fixsfsi
 .text.__fixunssfsi
                0x00000000000019ba       0x56 c:/mounriver/mounriver_studio2/resources/app/resources/win32/components/wch/toolchain/risc-v embedded gcc/bin/../lib/gcc/riscv-none-embed/8.2.0/rv32ecxw/ilp32e\libgcc.a(fixunssfsi.o)
                0x00000000000019ba                __fixunssfsi
 .text.__floatsisf
                0x0000000000001a10       0xc6 c:/mounriver/mounriver_studio2/resources/app/resources/win32/components/wch/toolchain/risc-v embedded gcc/bin/../lib/gcc/riscv-none-embed/8.2.0/rv32ecxw/ilp32e\libgcc.a(floatsisf.o)
                0x0000000000001a10                __floatsisf
 .text.__clzsi2
                0x0000000000001ad6       0x6e c:/mounriver/mounriver_studio2/resources/app/resources/win32/components/wch/toolchain/risc-v embedded gcc/bin/../lib/gcc/riscv-none-embed/8.2.0/rv32ecxw/ilp32e\libgcc.a(_clzsi2.o)
                0x0000000000001ad6                __clzsi2
 *(.rodata)
 *(.rodata*)
 *fill*         0x0000000000001b44        0x0 
 .rodata.DS18B20_GetTemperature.cst4
                0x0000000000001b44        0x4 ./User/ds18b20.o
 .rodata.main.cst4
                0x0000000000001b48        0x8 ./User/main.o
 .rodata.main.str1.4
                0x0000000000001b50       0x33 ./User/main.o
 *fill*         0x0000000000001b83        0x1 
 .rodata.segs   0x0000000000001b84       0x19 ./User/tm1637.o
 *fill*         0x0000000000001b9d        0x3 
 .rodata.print.str1.4
                0x0000000000001ba0        0x8 c:/mounriver/mounriver_studio2/resources/app/resources/win32/components/wch/toolchain/risc-v embedded gcc/bin/../lib/gcc/riscv-none-embed/8.2.0/../../../../riscv-none-embed/lib/rv32ecxw/ilp32e\libprintf.a(wchprintf.o)
                                          0x7 (size before relaxing)
 .rodata.__mulsf3
                0x0000000000001ba8       0x40 c:/mounriver/mounriver_studio2/resources/app/resources/win32/components/wch/toolchain/risc-v embedded gcc/bin/../lib/gcc/riscv-none-embed/8.2.0/rv32ecxw/ilp32e\libgcc.a(mulsf3.o)
 .rodata.__clz_tab
                0x0000000000001be8      0x100 c:/mounriver/mounriver_studio2/resources/app/resources/win32/components/wch/toolchain/risc-v embedded gcc/bin/../lib/gcc/riscv-none-embed/8.2.0/rv32ecxw/ilp32e\libgcc.a(_clz.o)
                0x0000000000001be8                __clz_tab
 *(.gnu.linkonce.t.*)
                0x0000000000001ce8                . = ALIGN (0x4)

.rela.dyn       0x0000000000001ce8        0x0
 .rela.text.startup.main
                0x0000000000001ce8        0x0 ./User/ch32v00x_it.o
 .rela.init     0x0000000000001ce8        0x0 ./User/ch32v00x_it.o
 .rela.text.handle_reset
                0x0000000000001ce8        0x0 ./User/ch32v00x_it.o
 .rela.text.prints
                0x0000000000001ce8        0x0 ./User/ch32v00x_it.o
 .rela.text.printInt
                0x0000000000001ce8        0x0 ./User/ch32v00x_it.o
 .rela.text.print
                0x0000000000001ce8        0x0 ./User/ch32v00x_it.o
 .rela.text.printf
                0x0000000000001ce8        0x0 ./User/ch32v00x_it.o

.fini           0x0000000000001ce8        0x0
 *(SORT_NONE(.fini))
                0x0000000000001ce8                . = ALIGN (0x4)
                [!provide]                        PROVIDE (_etext = .)
                [!provide]                        PROVIDE (_eitcm = .)

.preinit_array  0x0000000000001ce8        0x0
                [!provide]                        PROVIDE (__preinit_array_start = .)
 *(.preinit_array)
                [!provide]                        PROVIDE (__preinit_array_end = .)

.init_array     0x0000000000001ce8        0x0
                [!provide]                        PROVIDE (__init_array_start = .)
 *(SORT_BY_INIT_PRIORITY(.init_array.*) SORT_BY_INIT_PRIORITY(.ctors.*))
 *(.init_array EXCLUDE_FILE(*crtend?.o *crtend.o *crtbegin?.o *crtbegin.o) .ctors)
                [!provide]                        PROVIDE (__init_array_end = .)

.fini_array     0x0000000000001ce8        0x0
                [!provide]                        PROVIDE (__fini_array_start = .)
 *(SORT_BY_INIT_PRIORITY(.fini_array.*) SORT_BY_INIT_PRIORITY(.dtors.*))
 *(.fini_array EXCLUDE_FILE(*crtend?.o *crtend.o *crtbegin?.o *crtbegin.o) .dtors)
                [!provide]                        PROVIDE (__fini_array_end = .)

.ctors
 *crtbegin.o(.ctors)
 *crtbegin?.o(.ctors)
 *(EXCLUDE_FILE(*crtend?.o *crtend.o) .ctors)
 *(SORT_BY_NAME(.ctors.*))
 *(.ctors)

.dtors
 *crtbegin.o(.dtors)
 *crtbegin?.o(.dtors)
 *(EXCLUDE_FILE(*crtend?.o *crtend.o) .dtors)
 *(SORT_BY_NAME(.dtors.*))
 *(.dtors)

.dalign         0x0000000020000000        0x0 load address 0x0000000000001ce8
                0x0000000020000000                . = ALIGN (0x4)
                0x0000000020000000                PROVIDE (_data_vma = .)

.dlalign        0x0000000000001ce8        0x0
                0x0000000000001ce8                . = ALIGN (0x4)
                0x0000000000001ce8                PROVIDE (_data_lma = .)

.data           0x0000000020000000       0x28 load address 0x0000000000001ce8
                0x0000000020000000                . = ALIGN (0x4)
 *(.gnu.linkonce.r.*)
 *(.data .data.*)
 .data.SystemCoreClock
                0x0000000020000000        0x4 ./User/system_ch32v00x.o
                0x0000000020000000                SystemCoreClock
 .data.ADCPrescTable
                0x0000000020000004       0x14 ./Peripheral/src/ch32v00x_rcc.o
 .data.APBAHBPrescTable
                0x0000000020000018       0x10 ./Peripheral/src/ch32v00x_rcc.o
 *(.gnu.linkonce.d.*)
                0x0000000020000028                . = ALIGN (0x8)
                0x0000000020000828                PROVIDE (__global_pointer$ = (. + 0x800))
 *(.sdata .sdata.*)
 *(.sdata2*)
 *(.gnu.linkonce.s.*)
                0x0000000020000028                . = ALIGN (0x8)
 *(.srodata.cst16)
 *(.srodata.cst8)
 *(.srodata.cst4)
 *(.srodata.cst2)
 *(.srodata .srodata.*)
                0x0000000020000028                . = ALIGN (0x4)
                0x0000000020000028                PROVIDE (_edata = .)

.bss            0x0000000020000028       0x20 load address 0x0000000000001d10
                0x0000000020000028                . = ALIGN (0x4)
                0x0000000020000028                PROVIDE (_sbss = .)
 *(.sbss*)
 *(.gnu.linkonce.sb.*)
 *(.bss*)
 .bss.OneWire   0x0000000020000028       0x14 ./User/ds18b20.o
 .bss.j         0x000000002000003c        0x1 ./User/main.o
                0x000000002000003c                j
 *fill*         0x000000002000003d        0x3 
 .bss.NVIC_Priority_Group
                0x0000000020000040        0x4 ./Peripheral/src/ch32v00x_misc.o
                0x0000000020000040                NVIC_Priority_Group
 .bss.p_ms      0x0000000020000044        0x2 ./Debug/debug.o
 .bss.p_us      0x0000000020000046        0x1 ./Debug/debug.o
 *(.gnu.linkonce.b.*)
 *(COMMON*)
                0x0000000020000048                . = ALIGN (0x4)
 *fill*         0x0000000020000047        0x1 
                0x0000000020000048                PROVIDE (_ebss = .)
                0x0000000020000048                PROVIDE (_end = _ebss)
                [!provide]                        PROVIDE (end = .)

.stack          0x0000000020000700      0x100
                0x0000000020000700                PROVIDE (_heap_end = .)
                0x0000000020000700                . = ALIGN (0x4)
                [!provide]                        PROVIDE (_susrstack = .)
                0x0000000020000800                . = (. + __stack_size)
 *fill*         0x0000000020000700      0x100 
                0x0000000020000800                PROVIDE (_eusrstack = .)
OUTPUT(CH32V003J4M6.elf elf32-littleriscv)

.debug_info     0x0000000000000000     0xa999
 .debug_info    0x0000000000000000      0xbc0 ./User/ch32v00x_it.o
 .debug_info    0x0000000000000bc0      0xd69 ./User/ds18b20.o
 .debug_info    0x0000000000001929      0xe8a ./User/main.o
 .debug_info    0x00000000000027b3     0x1555 ./User/onewire.o
 .debug_info    0x0000000000003d08      0xbed ./User/system_ch32v00x.o
 .debug_info    0x00000000000048f5      0xf4c ./User/tm1637.o
 .debug_info    0x0000000000005841       0x22 ./Startup/startup_ch32v00x.o
 .debug_info    0x0000000000005863     0x1034 ./Peripheral/src/ch32v00x_gpio.o
 .debug_info    0x0000000000006897      0xdc5 ./Peripheral/src/ch32v00x_misc.o
 .debug_info    0x000000000000765c     0x108c ./Peripheral/src/ch32v00x_rcc.o
 .debug_info    0x00000000000086e8     0x1351 ./Peripheral/src/ch32v00x_usart.o
 .debug_info    0x0000000000009a39      0xf60 ./Debug/debug.o

.debug_abbrev   0x0000000000000000     0x20e8
 .debug_abbrev  0x0000000000000000      0x22c ./User/ch32v00x_it.o
 .debug_abbrev  0x000000000000022c      0x296 ./User/ds18b20.o
 .debug_abbrev  0x00000000000004c2      0x2f4 ./User/main.o
 .debug_abbrev  0x00000000000007b6      0x42f ./User/onewire.o
 .debug_abbrev  0x0000000000000be5      0x297 ./User/system_ch32v00x.o
 .debug_abbrev  0x0000000000000e7c      0x2b5 ./User/tm1637.o
 .debug_abbrev  0x0000000000001131       0x12 ./Startup/startup_ch32v00x.o
 .debug_abbrev  0x0000000000001143      0x309 ./Peripheral/src/ch32v00x_gpio.o
 .debug_abbrev  0x000000000000144c      0x2e1 ./Peripheral/src/ch32v00x_misc.o
 .debug_abbrev  0x000000000000172d      0x389 ./Peripheral/src/ch32v00x_rcc.o
 .debug_abbrev  0x0000000000001ab6      0x323 ./Peripheral/src/ch32v00x_usart.o
 .debug_abbrev  0x0000000000001dd9      0x30f ./Debug/debug.o

.debug_aranges  0x0000000000000000      0x4d8
 .debug_aranges
                0x0000000000000000       0x28 ./User/ch32v00x_it.o
 .debug_aranges
                0x0000000000000028       0x40 ./User/ds18b20.o
 .debug_aranges
                0x0000000000000068       0x28 ./User/main.o
 .debug_aranges
                0x0000000000000090       0xa8 ./User/onewire.o
 .debug_aranges
                0x0000000000000138       0x28 ./User/system_ch32v00x.o
 .debug_aranges
                0x0000000000000160       0x58 ./User/tm1637.o
 .debug_aranges
                0x00000000000001b8       0x30 ./Startup/startup_ch32v00x.o
 .debug_aranges
                0x00000000000001e8       0x98 ./Peripheral/src/ch32v00x_gpio.o
 .debug_aranges
                0x0000000000000280       0x28 ./Peripheral/src/ch32v00x_misc.o
 .debug_aranges
                0x00000000000002a8       0xe0 ./Peripheral/src/ch32v00x_rcc.o
 .debug_aranges
                0x0000000000000388      0x100 ./Peripheral/src/ch32v00x_usart.o
 .debug_aranges
                0x0000000000000488       0x50 ./Debug/debug.o

.debug_ranges   0x0000000000000000      0x4c0
 .debug_ranges  0x0000000000000000       0x18 ./User/ch32v00x_it.o
 .debug_ranges  0x0000000000000018       0x30 ./User/ds18b20.o
 .debug_ranges  0x0000000000000048       0x38 ./User/main.o
 .debug_ranges  0x0000000000000080       0xc8 ./User/onewire.o
 .debug_ranges  0x0000000000000148       0x18 ./User/system_ch32v00x.o
 .debug_ranges  0x0000000000000160       0x80 ./User/tm1637.o
 .debug_ranges  0x00000000000001e0       0x28 ./Startup/startup_ch32v00x.o
 .debug_ranges  0x0000000000000208       0x88 ./Peripheral/src/ch32v00x_gpio.o
 .debug_ranges  0x0000000000000290       0x30 ./Peripheral/src/ch32v00x_misc.o
 .debug_ranges  0x00000000000002c0       0xd0 ./Peripheral/src/ch32v00x_rcc.o
 .debug_ranges  0x0000000000000390       0xf0 ./Peripheral/src/ch32v00x_usart.o
 .debug_ranges  0x0000000000000480       0x40 ./Debug/debug.o

.debug_line     0x0000000000000000     0x631a
 .debug_line    0x0000000000000000      0x342 ./User/ch32v00x_it.o
 .debug_line    0x0000000000000342      0x47c ./User/ds18b20.o
 .debug_line    0x00000000000007be      0x854 ./User/main.o
 .debug_line    0x0000000000001012      0xe27 ./User/onewire.o
 .debug_line    0x0000000000001e39      0x511 ./User/system_ch32v00x.o
 .debug_line    0x000000000000234a      0x6cb ./User/tm1637.o
 .debug_line    0x0000000000002a15      0x148 ./Startup/startup_ch32v00x.o
 .debug_line    0x0000000000002b5d      0xca6 ./Peripheral/src/ch32v00x_gpio.o
 .debug_line    0x0000000000003803      0x48d ./Peripheral/src/ch32v00x_misc.o
 .debug_line    0x0000000000003c90      0xead ./Peripheral/src/ch32v00x_rcc.o
 .debug_line    0x0000000000004b3d      0xfb7 ./Peripheral/src/ch32v00x_usart.o
 .debug_line    0x0000000000005af4      0x826 ./Debug/debug.o

.debug_str      0x0000000000000000     0x1993
 .debug_str     0x0000000000000000      0x62d ./User/ch32v00x_it.o
                                        0x69e (size before relaxing)
 .debug_str     0x000000000000062d      0x1f1 ./User/ds18b20.o
                                        0x7b9 (size before relaxing)
 .debug_str     0x000000000000081e      0x21d ./User/main.o
                                        0x8dc (size before relaxing)
 .debug_str     0x0000000000000a3b      0x1d8 ./User/onewire.o
                                        0x9ae (size before relaxing)
 .debug_str     0x0000000000000c13      0x106 ./User/system_ch32v00x.o
                                        0x714 (size before relaxing)
 .debug_str     0x0000000000000d19       0x65 ./User/tm1637.o
                                        0x7e9 (size before relaxing)
 .debug_str     0x0000000000000d7e       0x2a ./Startup/startup_ch32v00x.o
                                         0x6d (size before relaxing)
 .debug_str     0x0000000000000da8      0x1d4 ./Peripheral/src/ch32v00x_gpio.o
                                        0x95c (size before relaxing)
 .debug_str     0x0000000000000f7c      0x28e ./Peripheral/src/ch32v00x_misc.o
                                        0x924 (size before relaxing)
 .debug_str     0x000000000000120a      0x2e0 ./Peripheral/src/ch32v00x_rcc.o
                                        0x9ca (size before relaxing)
 .debug_str     0x00000000000014ea      0x422 ./Peripheral/src/ch32v00x_usart.o
                                        0xb19 (size before relaxing)
 .debug_str     0x000000000000190c       0x87 ./Debug/debug.o
                                        0x92e (size before relaxing)

.comment        0x0000000000000000       0x33
 .comment       0x0000000000000000       0x33 ./User/ch32v00x_it.o
                                         0x34 (size before relaxing)
 .comment       0x0000000000000033       0x34 ./User/ds18b20.o
 .comment       0x0000000000000033       0x34 ./User/main.o
 .comment       0x0000000000000033       0x34 ./User/onewire.o
 .comment       0x0000000000000033       0x34 ./User/system_ch32v00x.o
 .comment       0x0000000000000033       0x34 ./User/tm1637.o
 .comment       0x0000000000000033       0x34 ./Peripheral/src/ch32v00x_gpio.o
 .comment       0x0000000000000033       0x34 ./Peripheral/src/ch32v00x_misc.o
 .comment       0x0000000000000033       0x34 ./Peripheral/src/ch32v00x_rcc.o
 .comment       0x0000000000000033       0x34 ./Peripheral/src/ch32v00x_usart.o
 .comment       0x0000000000000033       0x34 ./Debug/debug.o
 .comment       0x0000000000000033       0x34 c:/mounriver/mounriver_studio2/resources/app/resources/win32/components/wch/toolchain/risc-v embedded gcc/bin/../lib/gcc/riscv-none-embed/8.2.0/../../../../riscv-none-embed/lib/rv32ecxw/ilp32e\libprintf.a(wchprintf.o)

.debug_frame    0x0000000000000000      0xc34
 .debug_frame   0x0000000000000000       0x30 ./User/ch32v00x_it.o
 .debug_frame   0x0000000000000030       0xa0 ./User/ds18b20.o
 .debug_frame   0x00000000000000d0       0x50 ./User/main.o
 .debug_frame   0x0000000000000120      0x250 ./User/onewire.o
 .debug_frame   0x0000000000000370       0x50 ./User/system_ch32v00x.o
 .debug_frame   0x00000000000003c0      0x100 ./User/tm1637.o
 .debug_frame   0x00000000000004c0      0x154 ./Peripheral/src/ch32v00x_gpio.o
 .debug_frame   0x0000000000000614       0x30 ./Peripheral/src/ch32v00x_misc.o
 .debug_frame   0x0000000000000644      0x1dc ./Peripheral/src/ch32v00x_rcc.o
 .debug_frame   0x0000000000000820      0x204 ./Peripheral/src/ch32v00x_usart.o
 .debug_frame   0x0000000000000a24       0xe4 ./Debug/debug.o
 .debug_frame   0x0000000000000b08       0x3c c:/mounriver/mounriver_studio2/resources/app/resources/win32/components/wch/toolchain/risc-v embedded gcc/bin/../lib/gcc/riscv-none-embed/8.2.0/rv32ecxw/ilp32e\libgcc.a(addsf3.o)
 .debug_frame   0x0000000000000b44       0x20 c:/mounriver/mounriver_studio2/resources/app/resources/win32/components/wch/toolchain/risc-v embedded gcc/bin/../lib/gcc/riscv-none-embed/8.2.0/rv32ecxw/ilp32e\libgcc.a(lesf2.o)
 .debug_frame   0x0000000000000b64       0x38 c:/mounriver/mounriver_studio2/resources/app/resources/win32/components/wch/toolchain/risc-v embedded gcc/bin/../lib/gcc/riscv-none-embed/8.2.0/rv32ecxw/ilp32e\libgcc.a(mulsf3.o)
 .debug_frame   0x0000000000000b9c       0x20 c:/mounriver/mounriver_studio2/resources/app/resources/win32/components/wch/toolchain/risc-v embedded gcc/bin/../lib/gcc/riscv-none-embed/8.2.0/rv32ecxw/ilp32e\libgcc.a(fixsfsi.o)
 .debug_frame   0x0000000000000bbc       0x20 c:/mounriver/mounriver_studio2/resources/app/resources/win32/components/wch/toolchain/risc-v embedded gcc/bin/../lib/gcc/riscv-none-embed/8.2.0/rv32ecxw/ilp32e\libgcc.a(fixunssfsi.o)
 .debug_frame   0x0000000000000bdc       0x38 c:/mounriver/mounriver_studio2/resources/app/resources/win32/components/wch/toolchain/risc-v embedded gcc/bin/../lib/gcc/riscv-none-embed/8.2.0/rv32ecxw/ilp32e\libgcc.a(floatsisf.o)
 .debug_frame   0x0000000000000c14       0x20 c:/mounriver/mounriver_studio2/resources/app/resources/win32/components/wch/toolchain/risc-v embedded gcc/bin/../lib/gcc/riscv-none-embed/8.2.0/rv32ecxw/ilp32e\libgcc.a(_clzsi2.o)

.debug_loc      0x0000000000000000     0x1e51
 .debug_loc     0x0000000000000000       0xaf ./User/ds18b20.o
 .debug_loc     0x00000000000000af       0x7f ./User/main.o
 .debug_loc     0x000000000000012e      0x721 ./User/onewire.o
 .debug_loc     0x000000000000084f       0x55 ./User/system_ch32v00x.o
 .debug_loc     0x00000000000008a4       0xd0 ./User/tm1637.o
 .debug_loc     0x0000000000000974      0x5e2 ./Peripheral/src/ch32v00x_gpio.o
 .debug_loc     0x0000000000000f56       0x47 ./Peripheral/src/ch32v00x_misc.o
 .debug_loc     0x0000000000000f9d      0x5e3 ./Peripheral/src/ch32v00x_rcc.o
 .debug_loc     0x0000000000001580      0x735 ./Peripheral/src/ch32v00x_usart.o
 .debug_loc     0x0000000000001cb5      0x19c ./Debug/debug.o
